// Jest Snapshot v1, https://goo.gl/fbAQLP

exports[`tests for About renders without crashing 1`] = `ShallowWrapper {}`;
