// Jest Snapshot v1, https://goo.gl/fbAQLP

exports[`tests for Navigation snapshot tests renders without crashing 1`] = `ShallowWrapper {}`;
